1

                    Execution started at 20250307.124134         



                    ---------------------------------------
                                     SWAN
                    SIMULATION OF WAVES IN NEAR SHORE AREAS
                             VERSION NUMBER 41.45AB             
                    ---------------------------------------


    
 $*************HEADING****************************************
    
 $
    
 PROJ 'a11refr' 'A11'
    
 $
    
 $ PURPOSE OF TEST: Test of the refraction formulation
    
 $
    
 $ --|--------------------------------------------------------------|--
    
 $   | This SWAN input file is part of the bench mark tests for     |
    
 $   | SWAN.                                                        |
    
 $ --|--------------------------------------------------------------|--
    
 $
    
 $***********MODEL INPUT**************************************
    
 $
    
 $CGRID 295668.0 191709.0 0. 55000.00 52000.00 100 100 CIRCLE 36 0.0521 1. 31
    
 
    
 CGRID UNSTRUCTURED CIRCLE 36 0.0521 1. 31
 Resolution in sigma-space: df/f =  0.1000
    
 READ UNSTRUCTURED triangle 'TEST.4'


 The unstructured grid contains solely triangles generated by Triangle

 Number of vertices          =  177960

 Number of cells             =  355611
    Number of internal cells =  355305
    Number of boundary cells =     306

 Number of faces             =  533570
    Number of internal faces =  533263
    Number of boundary faces =     307


 The minimum gridsize =     6.76265
 The maximum gridsize =   922.83777
 ** Warning          : number of cells around vertex is smaller than 4 or larger than 10
    
 
    
 $
    
 $INPgrid BOTtom REGular 295668.0 191709.0 0. 249 249 220. 208. EXCeption 999999.00
    
 $READinp BOTtom -1. 'clippedbathy_250_250.csv' 4 FREE
    
 
    
 INPgrid BOTtom REGular 295668.0 191709.0 0. 999 999 55. 55. EXCeption 999999.00
    
 READinp BOTtom -1. 'clippedbathy_1000_1000.csv' 4 FREE
    
 
    
 
    
 $
    
 BOUN SHAPE JON 3.3 PEAK DSPR DEGREES
    
 $BOUN SIDE N CONST PAR 2.2 12 110 30
    
 BOUN SIDE 102 CONST PAR 2.2 12 110 30
    
 $BOUN SIDE W CONST PAR 0.3 20 45 30
    
 $BOUN SIDE S CONST PAR 2.2 12 110 30
    
 $
    
 
    
 WIND 15 0
    
 
    
 GEN3 JANSSEN 4.5 0.5 AGROW 0.003
    
 QUAD
    
 BREA
    
 WCAP
    
 $
    
 $************ OUTPUT REQUESTS *************************
    
 $
    
 $
    
 $*************************************************************
    
 BLOCK  'COMPGRID' NOHEAD 'Wind_w_ha3.vtu' LAYOUT 3 XP YP BOTLEV WATLEV DEPTH HS TM01 DSPR PDIR VEL FRCOEFF TPS URMS
    
 $
    
 $ set itest=1 in order to get detailed information in PRINT file
    
 TEST 1,0
    
 COMPUTE
 ** Warning          : Activate wind option Yan (1987) in case of
 ** Warning          : Alves & Banner (2003) white-capping method
 ** Warning          : Activate whitecapping mechanism according to
 ** Warning          : Janssen (1991) for wind option JANS        

----------------------------------------------------------------
                  COMPUTATIONAL PART OF SWAN
----------------------------------------------------------------

 Gridresolution       : MSC              32 MDC             36
                      : MTC               1
                      : NSTATC            0 ITERMX          50
 Propagation flags    : ITFRE             1 IREFR            1
 Source term flags    : IBOT              0 ISURF            1
                      : IWCAP             7 IWIND            4
                      : ITRIAD            0 IQUAD            2
                      : IBRAG             0 IQCM             0
                      : IVEG              0 ITURBV           0
                      : IMUD              0 IICE             0
 Spectral bin         : df/f     0.1000E+00 DDIR    0.1000E+02
 Physical constants   : GRAV     0.9810E+01 RHO     0.1025E+04
 Wind input           : WSPEED   0.1500E+02 DIR     0.0000E+00
                      : ICEWIND  0.00
 Tail parameters      : E(f)     0.5000E+01 E(k)    0.2500E+01
                      : A(f)     0.6000E+01 A(k)    0.3000E+01
 Accuracy parameters  : DREL     0.1000E-01 NPNTS   0.9950E+02
                      : DHABS    0.5000E-02 CURVAT  0.5000E-02
                      : GRWMX    0.1000E+00
 Drying/flooding      : LEVEL    0.0000E+00 DEPMIN  0.5000E-01
 The Cartesian convention for wind and wave directions is used
 Scheme for geographic propagation is BSBT  
 Scheme spectral space: CSS      0.5000E+00 CDD     0.5000E+00
 Current is off
 Quadruplets          : IQUAD             2
                      : LAMBDA   0.2500E+00 CNL4    0.3000E+08
                      : CSH1     0.5500E+01 CSH2    0.8330E+00
                      : CSH3    -0.1250E+01
 Maximum Ursell nr for Snl4 :    0.1000E+02
 Triads is off
 Bragg scattering is off
 QC scattering is off
 Surfbeat (IEM) is off
 Bottom friction is off
 Vegetation is off
 Turbulence is off
 Fluid mud is off
 Dissipation by sea ice is off
 W-cap Alves-Banner   : CDS2     0.5000E-04 BR      0.1750E-02
 Wind drag is Wu
 Janssen wind input
 Battjes&Janssen (`78): ALPHA    0.1000E+01 GAMMA   0.7300E+00
 Set-up is off
 Diffraction is off
 Janssen (`89,`90)    : ALPHA    0.1000E-01 KAPPA   0.4100E+00
 Janssen (`89,`90)    : RHOA     0.1280E+01 RHOW    0.1025E+04
 
 1st and 2nd gen. wind: CF10     0.1880E+03 CF20    0.5900E+00
                      : CF30     0.1200E+00 CF40    0.2500E+03
                      : CF50     0.2300E-02 CF60   -0.2230E+00
                      : CF70     0.0000E+00 CF80   -0.5600E+00
                      : RHOAW    0.1249E-02 EDMLPM  0.3600E-02
                      : CDRAG    0.1230E-02 UMIN    0.1000E+01
                      : LIM_PM   0.1300E+00
 
 Number of active points = 177935 (fillings-degree:  99.99 %)


 Settings of 2nd generation mode as first guess are used:
 ITER     1    GRWMX   0.1000E+23    ALFA     0.0000E+00
 IWIND    2    IWCAP    0            IQUAD     0
 ISURF    1    IBOT     0            ITRIAD    0
 IVEG     0    ITURBV   0            IMUD      0
 IICE     0    IBRAG    0
 iteration    1
       not possible to compute accuracy, first iteration



 User-defined settings of 3rd generation mode is re-used:
 ITER     2    GRWMX   0.1000E+00    ALFA     0.0000E+00
 IWIND    4    IWCAP    7            IQUAD     2
 ISURF    1    IBOT     0            ITRIAD    0
 IVEG     0    ITURBV   0            IMUD      0
 IICE     0    IBRAG    0
 iteration    2
 accuracy OK in  16.45 % of wet grid points ( 99.50 % required)

 iteration    3
 accuracy OK in  16.89 % of wet grid points ( 99.50 % required)

 iteration    4
 accuracy OK in  51.82 % of wet grid points ( 99.50 % required)

 iteration    5
 accuracy OK in  60.51 % of wet grid points ( 99.50 % required)

 iteration    6
 accuracy OK in  74.87 % of wet grid points ( 99.50 % required)

 iteration    7
 accuracy OK in  83.00 % of wet grid points ( 99.50 % required)

 iteration    8
 accuracy OK in  88.94 % of wet grid points ( 99.50 % required)

 iteration    9
 accuracy OK in  92.93 % of wet grid points ( 99.50 % required)

 iteration   10
 accuracy OK in  95.73 % of wet grid points ( 99.50 % required)

 iteration   11
 accuracy OK in  97.11 % of wet grid points ( 99.50 % required)

 iteration   12
 accuracy OK in  98.19 % of wet grid points ( 99.50 % required)

 iteration   13
 accuracy OK in  98.89 % of wet grid points ( 99.50 % required)

 iteration   14
 accuracy OK in  99.25 % of wet grid points ( 99.50 % required)

 iteration   15
 accuracy OK in  99.43 % of wet grid points ( 99.50 % required)

 iteration   16
 accuracy OK in  99.71 % of wet grid points ( 99.50 % required)

    
 STOP
